Warning messages:
1: package 'data.table' was built under R version 4.6.1 
2: package 'ggplot2' was built under R version 4.6.1 
3: package 'diptest' was built under R version 4.6.1 
4: package 'fixest' was built under R version 4.6.1 
OUTPUT: <PACKAGE_ROOT>\verification\20260930_120015\exhibits 
           scenario TAXYEAR      N source_present field_present explicit_zero
             <char>   <int>  <int>          <int>         <int>         <int>
 1:   original_rows    2012 461274         236774         47195          1780
 2:   original_rows    2013 464093         261652         51211          2103
 3:   original_rows    2014 467125         287719         55524          2465
 4:   original_rows    2015 471785         305688         58251          2686
 5:   original_rows    2016 472798         317606         60208          2825
 6:   original_rows    2017 483470         339065         64773          3194
 7:   original_rows    2018 485963         352747         65298          3542
 8:   original_rows    2019 476311         364887         74681          4769
 9:   original_rows    2020 468373         403421        115462          9139
10:   original_rows    2021 469682         426464        117358         10431
11: selected_policy    2012 459698         235198         46726          1759
12: selected_policy    2013 462434         259993         50730          2071
13: selected_policy    2014 465032         285626         54945          2428
14: selected_policy    2015 469637         303540         57677          2659
15: selected_policy    2016 470301         315109         59536          2783
16: selected_policy    2017 472343         327938         61593          3058
17: selected_policy    2018 474117         340901         63814          3405
18: selected_policy    2019 472378         360954         73471          4695
19: selected_policy    2020 463294         398342        113438          8995
20: selected_policy    2021 464472         421254        115378         10259
           scenario TAXYEAR      N source_present field_present explicit_zero
             <char>   <int>  <int>          <int>         <int>         <int>
    positive negative missing field_pct positive_pct source_pct
       <int>    <int>   <int>     <num>        <num>      <num>
 1:    45408        7  414079  10.23145     9.844041   51.33045
 2:    49107        1  412882  11.03464    10.581284   56.37922
 3:    53053        6  411601  11.88633    11.357345   61.59358
 4:    55563        2  413534  12.34694    11.777187   64.79392
 5:    57381        2  412590  12.73440    12.136473   67.17583
 6:    61577        2  418697  13.39752    12.736468   70.13155
 7:    61748        8  420665  13.43683    12.706317   72.58721
 8:    69902       10  401630  15.67904    14.675706   76.60688
 9:   106312       11  352911  24.65172    22.698149   86.13242
10:   106919        8  352324  24.98669    22.764126   90.79846
11:    44960        7  412972  10.16450     9.780334   51.16359
12:    48658        1  411704  10.97021    10.522150   56.22273
13:    52511        6  410087  11.81532    11.291911   61.42072
14:    55016        2  411960  12.28119    11.714580   64.63290
15:    56751        2  410765  12.65913    12.066953   67.00156
16:    58533        2  410750  13.03989    12.392054   69.42794
17:    60402        7  410303  13.45955    12.739893   71.90229
18:    68766       10  398907  15.55343    14.557410   76.41211
19:   104432       11  349856  24.48510    22.541194   85.98039
20:   105111        8  349094  24.84068    22.630212   90.69524
    positive negative missing field_pct positive_pct source_pct
       <int>    <int>   <int>     <num>        <num>      <num>
          ntee_broad_clean     N mean_density median_orgs median_private_equiv
                    <char> <int>        <num>       <num>                <num>
1:                  A_Arts  1779    12.859860           9             3.453924
2:             B_Education  1843    19.837083          13             2.385961
3:  CD_Environment_Animals  1767     8.848804           6             2.510550
4:             EFGH_Health  1834    13.915195          10             2.694335
5: IJKLMNOP_Human_Services  1869    58.296933          45             6.914985
6:   RSTUVW_Public_Benefit  1861    32.473936          24             3.675095
7:              X_Religion  1719     7.308034           5             2.424947
8:        Y_Mutual_Benefit  1619     5.855495           5             1.849862
9:         Q_International  1145     2.770760           3             1.547904
   private_hhi public_hhi client_hhi private_cr4 public_cr4 client_cr4
         <num>      <num>      <num>       <num>      <num>      <num>
1:   0.3795914  0.5355828  0.4614866   0.8191231  0.8987701  0.8618690
2:   0.4725379  0.5872616  0.5617412   0.8719268  0.9084848  0.9099469
3:   0.4700198  0.6672150  0.5858289   0.8755793  0.9527755  0.9274352
4:   0.4322910  0.5574423  0.6252512   0.8606724  0.9131679  0.9411566
5:   0.1948357  0.3496484  0.2894015   0.6292926  0.7970773  0.7456540
6:   0.3275201  0.5529642  0.5270464   0.8004194  0.9252198  0.8917609
7:   0.4805747  0.7406665  0.6791299   0.8671768  0.9665611  0.9508388
8:   0.5921549  0.8485807  0.7042849   0.9376417  0.9917992  0.9611640
9:   0.6549800  0.7555988  0.7586010   0.9367277  0.9763570  0.9696353
           pp          pc          qc
        <num>       <num>       <num>
1: 0.34546207  0.27719653 0.366660868
2: 0.27797740  0.35328994 0.438116667
3: 0.34227969  0.25708947 0.317383932
4: 0.18247692  0.20324091 0.550570950
5: 0.18437021  0.10137710 0.203423972
6: 0.13685067 -0.04464294 0.098821828
7: 0.28863405  0.12242038 0.338704050
8: 0.04012871 -0.18626258 0.005464619
9: 0.27324326  0.04039184 0.259989967
                  scenario     N mean_density   orgs
                    <char> <int>        <num>  <int>
1:           original_rows  1871     58.86113 324759
2:         selected_policy  1871     58.28622 321199
3: selected_reporters_only  1848     18.36643  90277
