Warning messages:
1: package 'data.table' was built under R version 4.6.1 
2: package 'fixest' was built under R version 4.6.1 
Output: <PACKAGE_ROOT>/output/revisions/NVSQ_R2_2026-09/rebuild/net_growth_20260930_120702 
Input: <PACKAGE_ROOT>/output/revisions/NVSQ_R2_2026-09/rebuild/coupling_20260930_120015 
Five R1 specifications reproduced.
Fitting original_rows__full__gross_zero__HHI_only 
Fitting original_rows__full__net_zero__HHI_only 
Fitting original_rows__full__net_active_joint__HHI_only 
Fitting original_rows__full__net_activity_indicators__HHI_only 
Fitting original_rows__common_policy__gross_zero__HHI_only 
Fitting original_rows__common_policy__net_zero__HHI_only 
Fitting original_rows__common_policy__net_active_joint__HHI_only 
Fitting original_rows__common_policy__net_activity_indicators__HHI_only 
Fitting original_rows__common_coupling__gross_zero__HHI_only 
Fitting original_rows__common_coupling__gross_zero__joint 
Fitting original_rows__common_coupling__net_zero__HHI_only 
Fitting original_rows__common_coupling__net_zero__joint 
Fitting original_rows__common_coupling__net_active_joint__HHI_only 
Fitting original_rows__common_coupling__net_active_joint__joint 
Fitting original_rows__common_coupling__net_activity_indicators__HHI_only 
Fitting original_rows__common_coupling__net_activity_indicators__joint 
Fitting original_rows__outcome_2020_21__net_active_joint__HHI_only 
Fitting original_rows__outcome_2020_21__net_activity_indicators__HHI_only 
Fitting original_rows__predictor_2020_21__net_active_joint__HHI_only 
Fitting original_rows__predictor_2020_21__net_activity_indicators__HHI_only 
Fitting original_rows__predictor_reporting20__net_active_joint__HHI_only 
Fitting original_rows__predictor_reporting20__net_activity_indicators__HHI_only 
Fitting original_rows__predictor_reporting30__net_active_joint__HHI_only 
Fitting original_rows__predictor_reporting30__net_activity_indicators__HHI_only 
Fitting original_rows__predictor_reporting40__net_active_joint__HHI_only 
Fitting original_rows__predictor_reporting40__net_activity_indicators__HHI_only 
Fitting original_rows__strict_revenue95__net_active_joint__HHI_only 
Fitting original_rows__strict_revenue95__net_activity_indicators__HHI_only 
Fitting original_rows__strict_revenue100__net_active_joint__HHI_only 
Fitting original_rows__strict_revenue100__net_activity_indicators__HHI_only 
Fitting original_rows__no_floor_in_predictor__net_active_joint__HHI_only 
Fitting original_rows__no_floor_in_predictor__net_activity_indicators__HHI_only 
Fitting selected_policy__full__gross_zero__HHI_only 
Fitting selected_policy__full__net_zero__HHI_only 
Fitting selected_policy__full__net_active_joint__HHI_only 
Fitting selected_policy__full__net_activity_indicators__HHI_only 
Fitting selected_policy__common_policy__gross_zero__HHI_only 
Fitting selected_policy__common_policy__net_zero__HHI_only 
Fitting selected_policy__common_policy__net_active_joint__HHI_only 
Fitting selected_policy__common_policy__net_activity_indicators__HHI_only 
Fitting selected_policy__common_coupling__gross_zero__HHI_only 
Fitting selected_policy__common_coupling__gross_zero__joint 
Fitting selected_policy__common_coupling__net_zero__HHI_only 
Fitting selected_policy__common_coupling__net_zero__joint 
Fitting selected_policy__common_coupling__net_active_joint__HHI_only 
Fitting selected_policy__common_coupling__net_active_joint__joint 
Fitting selected_policy__common_coupling__net_activity_indicators__HHI_only 
Fitting selected_policy__common_coupling__net_activity_indicators__joint 
Fitting selected_policy__outcome_2020_21__net_active_joint__HHI_only 
Fitting selected_policy__outcome_2020_21__net_activity_indicators__HHI_only 
Fitting selected_policy__predictor_2020_21__net_active_joint__HHI_only 
Fitting selected_policy__predictor_2020_21__net_activity_indicators__HHI_only 
Fitting selected_policy__predictor_reporting20__net_active_joint__HHI_only 
Fitting selected_policy__predictor_reporting20__net_activity_indicators__HHI_only 
Fitting selected_policy__predictor_reporting30__net_active_joint__HHI_only 
Fitting selected_policy__predictor_reporting30__net_activity_indicators__HHI_only 
Fitting selected_policy__predictor_reporting40__net_active_joint__HHI_only 
Fitting selected_policy__predictor_reporting40__net_activity_indicators__HHI_only 
Fitting selected_policy__strict_revenue95__net_active_joint__HHI_only 
Fitting selected_policy__strict_revenue95__net_activity_indicators__HHI_only 
Fitting selected_policy__strict_revenue100__net_active_joint__HHI_only 
Fitting selected_policy__strict_revenue100__net_activity_indicators__HHI_only 
Fitting selected_policy__no_floor_in_predictor__net_active_joint__HHI_only 
Fitting selected_policy__no_floor_in_predictor__net_activity_indicators__HHI_only 
SUCCESS: <PACKAGE_ROOT>/output/revisions/NVSQ_R2_2026-09/rebuild/net_growth_20260930_120702 
